0001                         
0002                         ; Test program that sends pulses to PORTA. Assumes that X points to register
0003                         ; base and that PORTA pins are all outputs.
0004                         
0005                         
0006 0000                    PORTA		equ		0
0007                         
0008                         
0009 0040                    	org $0040
0010 0040 86 55              start:	ldaa	#$55
0011 0042 a7 00              		staa	PORTA,X
0012 0044 bd 00 50           		jsr		delay
0013                         		
0014 0047 86 aa              		ldaa	#$AA
0015 0049 a7 00              		staa	PORTA,X
0016 004b bd 00 50           		jsr		delay
0017                         
0018 004e 20 f0              		bra		start
0019                         
0020                         
0021 0050 18 ce ff ff        delay:	ldy		#$FFFF
0022 0054 18 09              _dly0:	dey
0023 0056 26 fc              		bne		_dly0
0024 0058 39                 		rts
Program + Init Data = 25 bytes
Error count = 0
